WARNING: Building component "system" with no links assigned.
M5:configFile `hwcppM5.xml`
default system
default process
M5:registering exit `m5.nid0.cpu0.workload`
M5:registering exit
Inserting stop event at cycle 100000s, 100000000000000000
Hello SST World C++ Example!
M5:exiting: curTick()=61377000 cause=`target called exit()` code=0
 
Simulation is complete, simulated time: 61.377 us
