Counted: 8 threads
CORE ID: 0 PROCESSED AN EXIT EVENT

Ariel Memory Management Statistics:
---------------------------------------------------------------------
Page Table Sizes:
- Map entries at level 0         44
Page Table Coverages:
- Bytes at level 0              180224
Simulation is complete, simulated time: 284.636 us
