OpenMP API Test
Maximum number of OpenMP threads is: 1
There are 1 threads active now (should equal 1 since not in parallel region)
There are now 1 threads active (should equal OMP_NUM_THREADS since in parallel region)
