RNGComponentRandom: 99996 of 100000  0.051429823249844 1633680238, 3498470282252115968, -1325635294, 6882778010252405760
RNGComponentRandom: 99997 of 100000  0.760368537036530 2313307375, 15114167242490601472, 585233775, 7386504152588467200
RNGComponentRandom: 99998 of 100000  0.523961702583375 1357026370, 2696100946406738944, 100058776, -8308684394976198656
RNGComponentRandom: 99999 of 100000  0.487865241948578 1182671465, 12556786283616839680, 1112485698, -5927760640515554304
RNGComponentRandom: 100000 of 100000  0.025640393595379 332912283, 6110976081192478720, -1335256615, 3453176648091284480
