
------------------------------------------------------------------------
--- Cache Stats
--- Name: l1cache
--- Overall Statistics
------------------------------------------------------------------------
- Total data requests:                           252258
     GetS:                                       173835
     GetX:                                       78423
     GetSEx:                                     0
- Total misses:                                  35617
     GetS, miss on arrival:                      18691
     GetS, miss after being blocked:             0
     GetX, miss on arrival:                      16926
     GetX, miss after being blocked:             0
     GetSEx, miss on arrival:                    0
     GetSEx, miss after being blocked:           0
- Total hits:                                    216641
     GetS, hit on arrival:                       30083
     GetS, hit after being blocked:              125061
     GetX, hit on arrival:                       10471
     GetX, hit after being blocked:              51026
     GetSEx, hit on arrival:                     0
     GetSEx, hit after being blocked:            0
- Hit ratio:                                     85.881%
- Miss ratio:                                    14.119%
------------ Coherence transitions for misses -------------
- GetS   I->S:                                   18691
- GetX   I->M:                                   16926
- GetX   S->M:                                   0
- GetSEx I->M:                                   0
- GetSEx S->M:                                   0
------------ Replacements and evictions -------------------
- PutS sent due to eviction:                     0
- PutE sent due to eviction:                     17652
- PutM sent due to eviction:                     16941
------------ Other stats ----------------------------------
- Inv stalled because LOCK held:                 0
- Requests received (incl coherence traffic):    287875
- Requests handled by MSHR (MSHR hits):          176087
- NACKs sent (MSHR Full, Down):                  0
- NACKs sent (MSHR Full, Up):                    0
------------ Latency stats --------------------------------
- Avg Miss Latency (cyc):                        203
- Latency GetS   I->S:                           203
- Latency GetX   I->M:                           203
------------ State and event stats ---------------------------
GetS, I:        18691
GetS, E:        135373
GetS, M:        19771
GetX, I:        16926
GetX, E:        77
GetX, M:        61420
GetSResp, IS:        18691
GetXResp, IM:        16926

Prospero Component Statistics:
------------------------------------------------------------------------
- Completed at:                          1378259 ns
- Cycles with ops issued:                133615 cycles
- Cycles with no ops issued (LS full):   2622699 cycles
------------------------------------------------------------------------
- Reads issued:                          173835
- Writes issued:                         78423
- Split reads issued:                    60
- Split writes issued:                   27
- Bytes read:                            1269669
- Bytes written:                         1142526
------------------------------------------------------------------------
- Bandwidth (read):                      921.212 MB/s
- Bandwidth (written):                   828.963 MB/s
- Bandwidth (combined):                  1.75018 GB/s
- Avr. Read request size:                                7.30 bytes
- Avr. Write request size:                              14.57 bytes
- Avr. Request size:                                     9.56 bytes

Simulation is complete, simulated time: 1.37826 ms
