Max time: 10112 ns
Min time: 5464 ns
Avg time: 9133 ns
Total num: 256
Overall Max time: 10112 ns
Overall Min time: 10112 ns
Overall Avg time: 10112 ns
Overall Total num: 1
Simulation is complete, simulated time: 11.01 us
