 cpu.read_reqs : Accumulator : Sum.u64 = 65536; SumSQ.u64 = 65536; Count.u64 = 65536; 
 cpu.write_reqs : Accumulator : Sum.u64 = 65536; SumSQ.u64 = 65536; Count.u64 = 65536; 
 cpu.split_read_reqs : Accumulator : Sum.u64 = 0; SumSQ.u64 = 0; Count.u64 = 0; 
 cpu.split_write_reqs : Accumulator : Sum.u64 = 0; SumSQ.u64 = 0; Count.u64 = 0; 
 cpu.cycles_with_issue : Accumulator : Sum.u64 = 68971; SumSQ.u64 = 68971; Count.u64 = 68971; 
 cpu.cycles_no_issue : Accumulator : Sum.u64 = 13053174; SumSQ.u64 = 13053174; Count.u64 = 13053174; 
 cpu.total_bytes_read : Accumulator : Sum.u64 = 524288; SumSQ.u64 = 4194304; Count.u64 = 65536; 
 cpu.total_bytes_write : Accumulator : Sum.u64 = 524288; SumSQ.u64 = 4194304; Count.u64 = 65536; 
 cpu.req_latency : Accumulator : Sum.u64 = 104784568; SumSQ.u64 = 104716769200; Count.u64 = 131072; 
 cpu.time : Accumulator : Sum.u64 = 6561073; SumSQ.u64 = 43047678911329; Count.u64 = 1; 
 cpu.cycles_hit_fence : Accumulator : Sum.u64 = 0; SumSQ.u64 = 0; Count.u64 = 0; 
 cpu.cycles_max_issue : Accumulator : Sum.u64 = 0; SumSQ.u64 = 0; Count.u64 = 0; 
 cpu.cycles_max_reorder : Accumulator : Sum.u64 = 0; SumSQ.u64 = 0; Count.u64 = 0; 
 cpu.cycles : Accumulator : Sum.u64 = 13122146; SumSQ.u64 = 13122146; Count.u64 = 13122146; 
 l1cache.prefetch_opportunities : Accumulator : Sum.u64 = 34419; SumSQ.u64 = 34419; Count.u64 = 34419; 
 l1cache.prefetches_issued : Accumulator : Sum.u64 = 16128; SumSQ.u64 = 16128; Count.u64 = 16128; 
 l1cache.prefetches_canceled_by_page_boundary : Accumulator : Sum.u64 = 512; SumSQ.u64 = 512; Count.u64 = 512; 
 l1cache.prefetches_canceled_by_history : Accumulator : Sum.u64 = 18291; SumSQ.u64 = 18291; Count.u64 = 18291; 
 l1cache.CacheHits : Accumulator : Sum.u64 = 130816; SumSQ.u64 = 130816; Count.u64 = 130816; 
 l1cache.GetSHit_Arrival : Accumulator : Sum.u64 = 6096; SumSQ.u64 = 6096; Count.u64 = 6096; 
 l1cache.GetXHit_Arrival : Accumulator : Sum.u64 = 7239; SumSQ.u64 = 7239; Count.u64 = 7239; 
 l1cache.GetSExHit_Arrival : Accumulator : Sum.u64 = 0; SumSQ.u64 = 0; Count.u64 = 0; 
 l1cache.GetSHit_Blocked : Accumulator : Sum.u64 = 62360; SumSQ.u64 = 62360; Count.u64 = 62360; 
 l1cache.GetXHit_Blocked : Accumulator : Sum.u64 = 55121; SumSQ.u64 = 55121; Count.u64 = 55121; 
 l1cache.GetSExHit_Blocked : Accumulator : Sum.u64 = 0; SumSQ.u64 = 0; Count.u64 = 0; 
 l1cache.CacheMisses : Accumulator : Sum.u64 = 16384; SumSQ.u64 = 16384; Count.u64 = 16384; 
 l1cache.GetSMiss_Arrival : Accumulator : Sum.u64 = 13208; SumSQ.u64 = 13208; Count.u64 = 13208; 
 l1cache.GetXMiss_Arrival : Accumulator : Sum.u64 = 3176; SumSQ.u64 = 3176; Count.u64 = 3176; 
 l1cache.GetSExMiss_Arrival : Accumulator : Sum.u64 = 0; SumSQ.u64 = 0; Count.u64 = 0; 
 l1cache.GetSMiss_Blocked : Accumulator : Sum.u64 = 0; SumSQ.u64 = 0; Count.u64 = 0; 
 l1cache.GetXMiss_Blocked : Accumulator : Sum.u64 = 0; SumSQ.u64 = 0; Count.u64 = 0; 
 l1cache.GetSExMiss_Blocked : Accumulator : Sum.u64 = 0; SumSQ.u64 = 0; Count.u64 = 0; 
 l1cache.GetS_recv : Accumulator : Sum.u64 = 81664; SumSQ.u64 = 81664; Count.u64 = 81664; 
 l1cache.GetX_recv : Accumulator : Sum.u64 = 65536; SumSQ.u64 = 65536; Count.u64 = 65536; 
 l1cache.GetSEx_recv : Accumulator : Sum.u64 = 0; SumSQ.u64 = 0; Count.u64 = 0; 
 l1cache.GetSResp_recv : Accumulator : Sum.u64 = 13208; SumSQ.u64 = 13208; Count.u64 = 13208; 
 l1cache.GetXResp_recv : Accumulator : Sum.u64 = 3176; SumSQ.u64 = 3176; Count.u64 = 3176; 
 l1cache.PutS_recv : Accumulator : Sum.u64 = 0; SumSQ.u64 = 0; Count.u64 = 0; 
 l1cache.PutM_recv : Accumulator : Sum.u64 = 0; SumSQ.u64 = 0; Count.u64 = 0; 
 l1cache.PutE_recv : Accumulator : Sum.u64 = 0; SumSQ.u64 = 0; Count.u64 = 0; 
 l1cache.FetchInv_recv : Accumulator : Sum.u64 = 0; SumSQ.u64 = 0; Count.u64 = 0; 
 l1cache.FetchInvX_recv : Accumulator : Sum.u64 = 0; SumSQ.u64 = 0; Count.u64 = 0; 
 l1cache.Inv_recv : Accumulator : Sum.u64 = 0; SumSQ.u64 = 0; Count.u64 = 0; 
 l1cache.NACK_recv : Accumulator : Sum.u64 = 0; SumSQ.u64 = 0; Count.u64 = 0; 
 l1cache.GetSMiss_IS : Accumulator : Sum.u64 = 13208; SumSQ.u64 = 13208; Count.u64 = 13208; 
 l1cache.GetXMiss_IM : Accumulator : Sum.u64 = 3176; SumSQ.u64 = 3176; Count.u64 = 3176; 
 l1cache.GetXMiss_SM : Accumulator : Sum.u64 = 0; SumSQ.u64 = 0; Count.u64 = 0; 
 l1cache.GetSExMiss_IM : Accumulator : Sum.u64 = 0; SumSQ.u64 = 0; Count.u64 = 0; 
 l1cache.GetSExMiss_SM : Accumulator : Sum.u64 = 0; SumSQ.u64 = 0; Count.u64 = 0; 
 l1cache.evict_I : Accumulator : Sum.u64 = 0; SumSQ.u64 = 0; Count.u64 = 0; 
 l1cache.evict_S : Accumulator : Sum.u64 = 0; SumSQ.u64 = 0; Count.u64 = 0; 
 l1cache.evict_E : Accumulator : Sum.u64 = 8176; SumSQ.u64 = 8176; Count.u64 = 8176; 
 l1cache.evict_M : Accumulator : Sum.u64 = 8176; SumSQ.u64 = 8176; Count.u64 = 8176; 
 l1cache.evict_IS : Accumulator : Sum.u64 = 0; SumSQ.u64 = 0; Count.u64 = 0; 
 l1cache.evict_IM : Accumulator : Sum.u64 = 0; SumSQ.u64 = 0; Count.u64 = 0; 
 l1cache.evict_SM : Accumulator : Sum.u64 = 0; SumSQ.u64 = 0; Count.u64 = 0; 
 l1cache.evict_SInv : Accumulator : Sum.u64 = 0; SumSQ.u64 = 0; Count.u64 = 0; 
 l1cache.evict_EInv : Accumulator : Sum.u64 = 0; SumSQ.u64 = 0; Count.u64 = 0; 
 l1cache.evict_MInv : Accumulator : Sum.u64 = 0; SumSQ.u64 = 0; Count.u64 = 0; 
 l1cache.evict_SMInv : Accumulator : Sum.u64 = 0; SumSQ.u64 = 0; Count.u64 = 0; 
 l1cache.evict_EInvX : Accumulator : Sum.u64 = 0; SumSQ.u64 = 0; Count.u64 = 0; 
 l1cache.evict_MInvX : Accumulator : Sum.u64 = 0; SumSQ.u64 = 0; Count.u64 = 0; 
 l1cache.evict_SI : Accumulator : Sum.u64 = 0; SumSQ.u64 = 0; Count.u64 = 0; 
 l1cache.stateEvent_GetS_I : Accumulator : Sum.u64 = 13208; SumSQ.u64 = 13208; Count.u64 = 13208; 
 l1cache.stateEvent_GetS_S : Accumulator : Sum.u64 = 0; SumSQ.u64 = 0; Count.u64 = 0; 
 l1cache.stateEvent_GetS_E : Accumulator : Sum.u64 = 65408; SumSQ.u64 = 65408; Count.u64 = 65408; 
 l1cache.stateEvent_GetS_M : Accumulator : Sum.u64 = 3048; SumSQ.u64 = 3048; Count.u64 = 3048; 
 l1cache.stateEvent_GetX_I : Accumulator : Sum.u64 = 3176; SumSQ.u64 = 3176; Count.u64 = 3176; 
 l1cache.stateEvent_GetX_S : Accumulator : Sum.u64 = 0; SumSQ.u64 = 0; Count.u64 = 0; 
 l1cache.stateEvent_GetX_E : Accumulator : Sum.u64 = 5016; SumSQ.u64 = 5016; Count.u64 = 5016; 
 l1cache.stateEvent_GetX_M : Accumulator : Sum.u64 = 57344; SumSQ.u64 = 57344; Count.u64 = 57344; 
 l1cache.stateEvent_GetSEx_I : Accumulator : Sum.u64 = 0; SumSQ.u64 = 0; Count.u64 = 0; 
 l1cache.stateEvent_GetSEx_S : Accumulator : Sum.u64 = 0; SumSQ.u64 = 0; Count.u64 = 0; 
 l1cache.stateEvent_GetSEx_E : Accumulator : Sum.u64 = 0; SumSQ.u64 = 0; Count.u64 = 0; 
 l1cache.stateEvent_GetSEx_M : Accumulator : Sum.u64 = 0; SumSQ.u64 = 0; Count.u64 = 0; 
 l1cache.stateEvent_GetSResp_IS : Accumulator : Sum.u64 = 13208; SumSQ.u64 = 13208; Count.u64 = 13208; 
 l1cache.stateEvent_GetSResp_IM : Accumulator : Sum.u64 = 0; SumSQ.u64 = 0; Count.u64 = 0; 
 l1cache.stateEvent_GetSResp_SM : Accumulator : Sum.u64 = 0; SumSQ.u64 = 0; Count.u64 = 0; 
 l1cache.stateEvent_GetSResp_SMInv : Accumulator : Sum.u64 = 0; SumSQ.u64 = 0; Count.u64 = 0; 
 l1cache.stateEvent_GetXResp_IM : Accumulator : Sum.u64 = 3176; SumSQ.u64 = 3176; Count.u64 = 3176; 
 l1cache.stateEvent_GetXResp_SM : Accumulator : Sum.u64 = 0; SumSQ.u64 = 0; Count.u64 = 0; 
 l1cache.stateEvent_GetXResp_SMInv : Accumulator : Sum.u64 = 0; SumSQ.u64 = 0; Count.u64 = 0; 
 l1cache.stateEvent_PutS_I : Accumulator : Sum.u64 = 0; SumSQ.u64 = 0; Count.u64 = 0; 
 l1cache.stateEvent_PutS_S : Accumulator : Sum.u64 = 0; SumSQ.u64 = 0; Count.u64 = 0; 
 l1cache.stateEvent_PutS_E : Accumulator : Sum.u64 = 0; SumSQ.u64 = 0; Count.u64 = 0; 
 l1cache.stateEvent_PutS_M : Accumulator : Sum.u64 = 0; SumSQ.u64 = 0; Count.u64 = 0; 
 l1cache.stateEvent_PutS_SD : Accumulator : Sum.u64 = 0; SumSQ.u64 = 0; Count.u64 = 0; 
 l1cache.stateEvent_PutS_ED : Accumulator : Sum.u64 = 0; SumSQ.u64 = 0; Count.u64 = 0; 
 l1cache.stateEvent_PutS_MD : Accumulator : Sum.u64 = 0; SumSQ.u64 = 0; Count.u64 = 0; 
 l1cache.stateEvent_PutS_SMD : Accumulator : Sum.u64 = 0; SumSQ.u64 = 0; Count.u64 = 0; 
 l1cache.stateEvent_PutS_SI : Accumulator : Sum.u64 = 0; SumSQ.u64 = 0; Count.u64 = 0; 
 l1cache.stateEvent_PutS_EI : Accumulator : Sum.u64 = 0; SumSQ.u64 = 0; Count.u64 = 0; 
 l1cache.stateEvent_PutS_MI : Accumulator : Sum.u64 = 0; SumSQ.u64 = 0; Count.u64 = 0; 
 l1cache.stateEvent_PutS_SInv : Accumulator : Sum.u64 = 0; SumSQ.u64 = 0; Count.u64 = 0; 
 l1cache.stateEvent_PutS_EInv : Accumulator : Sum.u64 = 0; SumSQ.u64 = 0; Count.u64 = 0; 
 l1cache.stateEvent_PutS_MInv : Accumulator : Sum.u64 = 0; SumSQ.u64 = 0; Count.u64 = 0; 
 l1cache.stateEvent_PutS_SMInv : Accumulator : Sum.u64 = 0; SumSQ.u64 = 0; Count.u64 = 0; 
 l1cache.stateEvent_PutS_EInvX : Accumulator : Sum.u64 = 0; SumSQ.u64 = 0; Count.u64 = 0; 
 l1cache.stateEvent_PutE_I : Accumulator : Sum.u64 = 0; SumSQ.u64 = 0; Count.u64 = 0; 
 l1cache.stateEvent_PutE_E : Accumulator : Sum.u64 = 0; SumSQ.u64 = 0; Count.u64 = 0; 
 l1cache.stateEvent_PutE_M : Accumulator : Sum.u64 = 0; SumSQ.u64 = 0; Count.u64 = 0; 
 l1cache.stateEvent_PutE_EI : Accumulator : Sum.u64 = 0; SumSQ.u64 = 0; Count.u64 = 0; 
 l1cache.stateEvent_PutE_MI : Accumulator : Sum.u64 = 0; SumSQ.u64 = 0; Count.u64 = 0; 
 l1cache.stateEvent_PutE_EInv : Accumulator : Sum.u64 = 0; SumSQ.u64 = 0; Count.u64 = 0; 
 l1cache.stateEvent_PutE_MInv : Accumulator : Sum.u64 = 0; SumSQ.u64 = 0; Count.u64 = 0; 
 l1cache.stateEvent_PutE_EInvX : Accumulator : Sum.u64 = 0; SumSQ.u64 = 0; Count.u64 = 0; 
 l1cache.stateEvent_PutE_MInvX : Accumulator : Sum.u64 = 0; SumSQ.u64 = 0; Count.u64 = 0; 
 l1cache.stateEvent_PutM_I : Accumulator : Sum.u64 = 0; SumSQ.u64 = 0; Count.u64 = 0; 
 l1cache.stateEvent_PutM_E : Accumulator : Sum.u64 = 0; SumSQ.u64 = 0; Count.u64 = 0; 
 l1cache.stateEvent_PutM_M : Accumulator : Sum.u64 = 0; SumSQ.u64 = 0; Count.u64 = 0; 
 l1cache.stateEvent_PutM_EI : Accumulator : Sum.u64 = 0; SumSQ.u64 = 0; Count.u64 = 0; 
 l1cache.stateEvent_PutM_MI : Accumulator : Sum.u64 = 0; SumSQ.u64 = 0; Count.u64 = 0; 
 l1cache.stateEvent_PutM_EInv : Accumulator : Sum.u64 = 0; SumSQ.u64 = 0; Count.u64 = 0; 
 l1cache.stateEvent_PutM_MInv : Accumulator : Sum.u64 = 0; SumSQ.u64 = 0; Count.u64 = 0; 
 l1cache.stateEvent_PutM_EInvX : Accumulator : Sum.u64 = 0; SumSQ.u64 = 0; Count.u64 = 0; 
 l1cache.stateEvent_PutM_MInvX : Accumulator : Sum.u64 = 0; SumSQ.u64 = 0; Count.u64 = 0; 
 l1cache.stateEvent_Inv_I : Accumulator : Sum.u64 = 0; SumSQ.u64 = 0; Count.u64 = 0; 
 l1cache.stateEvent_Inv_IS : Accumulator : Sum.u64 = 0; SumSQ.u64 = 0; Count.u64 = 0; 
 l1cache.stateEvent_Inv_IM : Accumulator : Sum.u64 = 0; SumSQ.u64 = 0; Count.u64 = 0; 
 l1cache.stateEvent_Inv_S : Accumulator : Sum.u64 = 0; SumSQ.u64 = 0; Count.u64 = 0; 
 l1cache.stateEvent_Inv_SM : Accumulator : Sum.u64 = 0; SumSQ.u64 = 0; Count.u64 = 0; 
 l1cache.stateEvent_Inv_SInv : Accumulator : Sum.u64 = 0; SumSQ.u64 = 0; Count.u64 = 0; 
 l1cache.stateEvent_Inv_SI : Accumulator : Sum.u64 = 0; SumSQ.u64 = 0; Count.u64 = 0; 
 l1cache.stateEvent_Inv_SMInv : Accumulator : Sum.u64 = 0; SumSQ.u64 = 0; Count.u64 = 0; 
 l1cache.stateEvent_Inv_SD : Accumulator : Sum.u64 = 0; SumSQ.u64 = 0; Count.u64 = 0; 
 l1cache.stateEvent_FetchInv_I : Accumulator : Sum.u64 = 0; SumSQ.u64 = 0; Count.u64 = 0; 
 l1cache.stateEvent_FetchInv_IS : Accumulator : Sum.u64 = 0; SumSQ.u64 = 0; Count.u64 = 0; 
 l1cache.stateEvent_FetchInv_IM : Accumulator : Sum.u64 = 0; SumSQ.u64 = 0; Count.u64 = 0; 
 l1cache.stateEvent_FetchInv_SM : Accumulator : Sum.u64 = 0; SumSQ.u64 = 0; Count.u64 = 0; 
 l1cache.stateEvent_FetchInv_S : Accumulator : Sum.u64 = 0; SumSQ.u64 = 0; Count.u64 = 0; 
 l1cache.stateEvent_FetchInv_E : Accumulator : Sum.u64 = 0; SumSQ.u64 = 0; Count.u64 = 0; 
 l1cache.stateEvent_FetchInv_M : Accumulator : Sum.u64 = 0; SumSQ.u64 = 0; Count.u64 = 0; 
 l1cache.stateEvent_FetchInv_EI : Accumulator : Sum.u64 = 0; SumSQ.u64 = 0; Count.u64 = 0; 
 l1cache.stateEvent_FetchInv_MI : Accumulator : Sum.u64 = 0; SumSQ.u64 = 0; Count.u64 = 0; 
 l1cache.stateEvent_FetchInv_EInv : Accumulator : Sum.u64 = 0; SumSQ.u64 = 0; Count.u64 = 0; 
 l1cache.stateEvent_FetchInv_EInvX : Accumulator : Sum.u64 = 0; SumSQ.u64 = 0; Count.u64 = 0; 
 l1cache.stateEvent_FetchInv_MInv : Accumulator : Sum.u64 = 0; SumSQ.u64 = 0; Count.u64 = 0; 
 l1cache.stateEvent_FetchInv_MInvX : Accumulator : Sum.u64 = 0; SumSQ.u64 = 0; Count.u64 = 0; 
 l1cache.stateEvent_FetchInv_SD : Accumulator : Sum.u64 = 0; SumSQ.u64 = 0; Count.u64 = 0; 
 l1cache.stateEvent_FetchInv_ED : Accumulator : Sum.u64 = 0; SumSQ.u64 = 0; Count.u64 = 0; 
 l1cache.stateEvent_FetchInv_MD : Accumulator : Sum.u64 = 0; SumSQ.u64 = 0; Count.u64 = 0; 
 l1cache.stateEvent_FetchInvX_I : Accumulator : Sum.u64 = 0; SumSQ.u64 = 0; Count.u64 = 0; 
 l1cache.stateEvent_FetchInvX_IS : Accumulator : Sum.u64 = 0; SumSQ.u64 = 0; Count.u64 = 0; 
 l1cache.stateEvent_FetchInvX_IM : Accumulator : Sum.u64 = 0; SumSQ.u64 = 0; Count.u64 = 0; 
 l1cache.stateEvent_FetchInvX_SM : Accumulator : Sum.u64 = 0; SumSQ.u64 = 0; Count.u64 = 0; 
 l1cache.stateEvent_FetchInvX_E : Accumulator : Sum.u64 = 0; SumSQ.u64 = 0; Count.u64 = 0; 
 l1cache.stateEvent_FetchInvX_M : Accumulator : Sum.u64 = 0; SumSQ.u64 = 0; Count.u64 = 0; 
 l1cache.stateEvent_FetchInvX_EI : Accumulator : Sum.u64 = 0; SumSQ.u64 = 0; Count.u64 = 0; 
 l1cache.stateEvent_FetchInvX_MI : Accumulator : Sum.u64 = 0; SumSQ.u64 = 0; Count.u64 = 0; 
 l1cache.stateEvent_FetchInvX_EInv : Accumulator : Sum.u64 = 0; SumSQ.u64 = 0; Count.u64 = 0; 
 l1cache.stateEvent_FetchInvX_EInvX : Accumulator : Sum.u64 = 0; SumSQ.u64 = 0; Count.u64 = 0; 
 l1cache.stateEvent_FetchInvX_MInv : Accumulator : Sum.u64 = 0; SumSQ.u64 = 0; Count.u64 = 0; 
 l1cache.stateEvent_FetchInvX_MInvX : Accumulator : Sum.u64 = 0; SumSQ.u64 = 0; Count.u64 = 0; 
 l1cache.stateEvent_FetchInvX_ED : Accumulator : Sum.u64 = 0; SumSQ.u64 = 0; Count.u64 = 0; 
 l1cache.stateEvent_FetchInvX_MD : Accumulator : Sum.u64 = 0; SumSQ.u64 = 0; Count.u64 = 0; 
 l1cache.stateEvent_Fetch_I : Accumulator : Sum.u64 = 0; SumSQ.u64 = 0; Count.u64 = 0; 
 l1cache.stateEvent_Fetch_IS : Accumulator : Sum.u64 = 0; SumSQ.u64 = 0; Count.u64 = 0; 
 l1cache.stateEvent_Fetch_IM : Accumulator : Sum.u64 = 0; SumSQ.u64 = 0; Count.u64 = 0; 
 l1cache.stateEvent_Fetch_SM : Accumulator : Sum.u64 = 0; SumSQ.u64 = 0; Count.u64 = 0; 
 l1cache.stateEvent_Fetch_S : Accumulator : Sum.u64 = 0; SumSQ.u64 = 0; Count.u64 = 0; 
 l1cache.stateEvent_Fetch_SInv : Accumulator : Sum.u64 = 0; SumSQ.u64 = 0; Count.u64 = 0; 
 l1cache.stateEvent_Fetch_SI : Accumulator : Sum.u64 = 0; SumSQ.u64 = 0; Count.u64 = 0; 
 l1cache.stateEvent_Fetch_SD : Accumulator : Sum.u64 = 0; SumSQ.u64 = 0; Count.u64 = 0; 
 l1cache.stateEvent_FetchResp_I : Accumulator : Sum.u64 = 0; SumSQ.u64 = 0; Count.u64 = 0; 
 l1cache.stateEvent_FetchResp_SI : Accumulator : Sum.u64 = 0; SumSQ.u64 = 0; Count.u64 = 0; 
 l1cache.stateEvent_FetchResp_EI : Accumulator : Sum.u64 = 0; SumSQ.u64 = 0; Count.u64 = 0; 
 l1cache.stateEvent_FetchResp_MI : Accumulator : Sum.u64 = 0; SumSQ.u64 = 0; Count.u64 = 0; 
 l1cache.stateEvent_FetchResp_SInv : Accumulator : Sum.u64 = 0; SumSQ.u64 = 0; Count.u64 = 0; 
 l1cache.stateEvent_FetchResp_SMInv : Accumulator : Sum.u64 = 0; SumSQ.u64 = 0; Count.u64 = 0; 
 l1cache.stateEvent_FetchResp_EInv : Accumulator : Sum.u64 = 0; SumSQ.u64 = 0; Count.u64 = 0; 
 l1cache.stateEvent_FetchResp_MInv : Accumulator : Sum.u64 = 0; SumSQ.u64 = 0; Count.u64 = 0; 
 l1cache.stateEvent_FetchResp_SD : Accumulator : Sum.u64 = 0; SumSQ.u64 = 0; Count.u64 = 0; 
 l1cache.stateEvent_FetchResp_SMD : Accumulator : Sum.u64 = 0; SumSQ.u64 = 0; Count.u64 = 0; 
 l1cache.stateEvent_FetchResp_ED : Accumulator : Sum.u64 = 0; SumSQ.u64 = 0; Count.u64 = 0; 
 l1cache.stateEvent_FetchResp_MD : Accumulator : Sum.u64 = 0; SumSQ.u64 = 0; Count.u64 = 0; 
 l1cache.stateEvent_FetchXResp_I : Accumulator : Sum.u64 = 0; SumSQ.u64 = 0; Count.u64 = 0; 
 l1cache.stateEvent_FetchXResp_EInvX : Accumulator : Sum.u64 = 0; SumSQ.u64 = 0; Count.u64 = 0; 
 l1cache.stateEvent_FetchXResp_MInvX : Accumulator : Sum.u64 = 0; SumSQ.u64 = 0; Count.u64 = 0; 
 l1cache.stateEvent_AckInv_I : Accumulator : Sum.u64 = 0; SumSQ.u64 = 0; Count.u64 = 0; 
 l1cache.stateEvent_AckInv_SInv : Accumulator : Sum.u64 = 0; SumSQ.u64 = 0; Count.u64 = 0; 
 l1cache.stateEvent_AckInv_SMInv : Accumulator : Sum.u64 = 0; SumSQ.u64 = 0; Count.u64 = 0; 
 l1cache.stateEvent_AckInv_SI : Accumulator : Sum.u64 = 0; SumSQ.u64 = 0; Count.u64 = 0; 
 l1cache.stateEvent_AckInv_EI : Accumulator : Sum.u64 = 0; SumSQ.u64 = 0; Count.u64 = 0; 
 l1cache.stateEvent_AckInv_MI : Accumulator : Sum.u64 = 0; SumSQ.u64 = 0; Count.u64 = 0; 
 l1cache.stateEvent_AckInv_EInv : Accumulator : Sum.u64 = 0; SumSQ.u64 = 0; Count.u64 = 0; 
 l1cache.stateEvent_AckInv_MInv : Accumulator : Sum.u64 = 0; SumSQ.u64 = 0; Count.u64 = 0; 
 l1cache.stateEvent_AckPut_I : Accumulator : Sum.u64 = 0; SumSQ.u64 = 0; Count.u64 = 0; 
 l1cache.latency_GetS_IS : Accumulator : Sum.u64 = 26467180; SumSQ.u64 = 53036919764; Count.u64 = 13208; 
 l1cache.latency_GetS_M : Accumulator : Sum.u64 = 0; SumSQ.u64 = 0; Count.u64 = 0; 
 l1cache.latency_GetX_IM : Accumulator : Sum.u64 = 6364703; SumSQ.u64 = 12754862809; Count.u64 = 3176; 
 l1cache.latency_GetX_SM : Accumulator : Sum.u64 = 0; SumSQ.u64 = 0; Count.u64 = 0; 
 l1cache.latency_GetX_M : Accumulator : Sum.u64 = 0; SumSQ.u64 = 0; Count.u64 = 0; 
 l1cache.latency_GetSEx_IM : Accumulator : Sum.u64 = 0; SumSQ.u64 = 0; Count.u64 = 0; 
 l1cache.latency_GetSEx_SM : Accumulator : Sum.u64 = 0; SumSQ.u64 = 0; Count.u64 = 0; 
 l1cache.latency_GetSEx_M : Accumulator : Sum.u64 = 0; SumSQ.u64 = 0; Count.u64 = 0; 

------------------------------------------------------------------------
--- Cache Stats
--- Name: l1cache
--- Overall Statistics
------------------------------------------------------------------------
- Total data requests:                           147200
     GetS:                                       81664
     GetX:                                       65536
     GetSEx:                                     0
- Total misses:                                  16384
     GetS, miss on arrival:                      13208
     GetS, miss after being blocked:             0
     GetX, miss on arrival:                      3176
     GetX, miss after being blocked:             0
     GetSEx, miss on arrival:                    0
     GetSEx, miss after being blocked:           0
- Total hits:                                    130816
     GetS, hit on arrival:                       6096
     GetS, hit after being blocked:              62360
     GetX, hit on arrival:                       7239
     GetX, hit after being blocked:              55121
     GetSEx, hit on arrival:                     0
     GetSEx, hit after being blocked:            0
- Hit ratio:                                     88.870%
- Miss ratio:                                    11.130%
------------ Coherence transitions for misses -------------
- GetS   I->S:                                   13208
- GetX   I->M:                                   3176
- GetX   S->M:                                   0
- GetSEx I->M:                                   0
- GetSEx S->M:                                   0
------------ Replacements and evictions -------------------
- PutS sent due to eviction:                     0
- PutE sent due to eviction:                     8176
- PutM sent due to eviction:                     8176
------------ Other stats ----------------------------------
- Inv stalled because LOCK held:                 0
- Requests received (incl coherence traffic):    163584
- Requests handled by MSHR (MSHR hits):          117481
- NACKs sent (MSHR Full, Down):                  0
- NACKs sent (MSHR Full, Up):                    0
------------ Latency stats --------------------------------
- Avg Miss Latency (cyc):                        2004
- Latency GetS   I->S:                           2004
- Latency GetX   I->M:                           2004
------------ State and event stats ---------------------------
GetS, I:        13208
GetS, E:        65408
GetS, M:        3048
GetX, I:        3176
GetX, E:        5016
GetX, M:        57344
GetSResp, IS:        13208
GetXResp, IM:        3176
Simulation is complete, simulated time: 6.56107 ms
