Allocating arrays of size 2000 elements.
Done allocating arrays.
Perfoming the fast_c compute loop...
Sum of arrays is: 6999500.000000
Freeing arrays...
Done.
CORE ID: 0 PROCESSED AN EXIT EVENT

Ariel Memory Management Statistics:
---------------------------------------------------------------------
Page Table Sizes:
- Map entries at level 0         255
Page Table Coverages:
- Bytes at level 0              1044480

------------------------------------------------------------------------
--- Cache Stats
--- Name: l1cache
--- Overall Statistics
------------------------------------------------------------------------
- Total data requests:                           760195
     GetS:                                       557163
     GetX:                                       203032
     GetSEx:                                     0
- Total misses:                                  17848
     GetS, miss on arrival:                      14640
     GetS, miss after being blocked:             0
     GetX, miss on arrival:                      2990
     GetX, miss after being blocked:             218
     GetSEx, miss on arrival:                    0
     GetSEx, miss after being blocked:           0
- Total hits:                                    742347
     GetS, hit on arrival:                       497845
     GetS, hit after being blocked:              44678
     GetX, hit on arrival:                       189887
     GetX, hit after being blocked:              9937
     GetSEx, hit on arrival:                     0
     GetSEx, hit after being blocked:            0
- Hit ratio:                                     97.652%
- Miss ratio:                                    2.348%
------------ Coherence transitions for misses -------------
- GetS   I->S:                                   14640
- GetX   I->M:                                   2828
- GetX   S->M:                                   380
- GetSEx I->M:                                   0
- GetSEx S->M:                                   0
------------ Replacements and evictions -------------------
- PutS sent due to eviction:                     13622
- PutE sent due to eviction:                     0
- PutM sent due to eviction:                     2822
------------ Other stats ----------------------------------
- Inv stalled because LOCK held:                 0
- Requests received (incl coherence traffic):    778043
- Requests handled by MSHR (MSHR hits):          54833
- NACKs sent (MSHR Full, Down):                  0
- NACKs sent (MSHR Full, Up):                    0
------------ Latency stats --------------------------------
- Avg Miss Latency (cyc):                        203
- Latency GetS   I->S:                           203
- Latency GetX   I->M:                           203
- Latency GetX   S->M:                           314
------------ State and event stats ---------------------------
GetS, I:        14640
GetS, S:        257330
GetS, M:        285193
GetX, I:        2828
GetX, S:        380
GetX, M:        199824
GetSResp, IS:        14640
GetXResp, IM:        2828
GetXResp, SM:        380

Simulation is complete, simulated time: 7.2792 ms
