Performing iteration 0
Performing iteration 0
Performing iteration 0
Performing iteration 0
Performing iteration 0
Performing iteration 0
Performing iteration 0
Performing iteration 0
Performing iteration 1
Performing iteration 1
Performing iteration 1
Performing iteration 1
Performing iteration 1
Performing iteration 1
Performing iteration 1
Performing iteration 1
Performing iteration 2
Performing iteration 2
Performing iteration 2
Performing iteration 2
Performing iteration 2
Performing iteration 2
Performing iteration 2
Performing iteration 2
Performing iteration 3
Performing iteration 3
Performing iteration 3
Performing iteration 3
Performing iteration 3
Performing iteration 3
Performing iteration 3
Performing iteration 3
Performing iteration 4
Performing iteration 4
Performing iteration 4
Performing iteration 4
Performing iteration 4
Performing iteration 4
Performing iteration 4
Performing iteration 4
Performing iteration 5
Performing iteration 5
Performing iteration 5
Performing iteration 5
Performing iteration 5
Performing iteration 5
Performing iteration 5
Performing iteration 5
Performing iteration 6
Performing iteration 6
Performing iteration 6
Performing iteration 6
Performing iteration 6
Performing iteration 6
Performing iteration 6
Performing iteration 6
Performing iteration 7
Performing iteration 7
Performing iteration 7
Performing iteration 7
Performing iteration 7
Performing iteration 7
Performing iteration 7
Performing iteration 7
Performing iteration 8
Performing iteration 8
Performing iteration 8
Performing iteration 8
Performing iteration 8
Performing iteration 8
Performing iteration 8
Performing iteration 8
Performing iteration 9
Performing iteration 9
Performing iteration 9
Performing iteration 9
Performing iteration 9
Performing iteration 9
Performing iteration 9
Performing iteration 9
Performing iteration 10
Performing iteration 10
Performing iteration 10
Performing iteration 10
Performing iteration 10
Performing iteration 10
Performing iteration 10
Performing iteration 10
Performing iteration 11
Performing iteration 11
Performing iteration 11
Performing iteration 11
Performing iteration 11
Performing iteration 11
Performing iteration 11
Performing iteration 11
Performing iteration 12
Performing iteration 12
Performing iteration 12
Performing iteration 12
Performing iteration 12
Performing iteration 12
Performing iteration 12
Performing iteration 12
Performing iteration 13
Performing iteration 13
Performing iteration 13
Performing iteration 13
Performing iteration 13
Performing iteration 13
Performing iteration 13
Performing iteration 13
Performing iteration 14
Performing iteration 14
Performing iteration 14
Performing iteration 14
Performing iteration 14
Performing iteration 14
Performing iteration 14
Performing iteration 14
Performing iteration 15
Performing iteration 15
Performing iteration 15
Performing iteration 15
Performing iteration 15
Performing iteration 15
Performing iteration 15
Performing iteration 15
CORE ID: 0 PROCESSED AN EXIT EVENT

Ariel Memory Management Statistics:
---------------------------------------------------------------------
Page Table Sizes:
- Map entries at level 0         52
Page Table Coverages:
- Bytes at level 0              212992
Simulation is complete, simulated time: 517.711 us
