
------------------------------------------------------------------------
--- Cache Stats
--- Name: l1cache
--- Overall Statistics
------------------------------------------------------------------------
- Total data requests:                           252243
     GetS:                                       173833
     GetX:                                       78410
     GetSEx:                                     0
- Total misses:                                  35617
     GetS, miss on arrival:                      18693
     GetS, miss after being blocked:             0
     GetX, miss on arrival:                      16924
     GetX, miss after being blocked:             0
     GetSEx, miss on arrival:                    0
     GetSEx, miss after being blocked:           0
- Total hits:                                    216626
     GetS, hit on arrival:                       31180
     GetS, hit after being blocked:              123960
     GetX, hit on arrival:                       10405
     GetX, hit after being blocked:              51081
     GetSEx, hit on arrival:                     0
     GetSEx, hit after being blocked:            0
- Hit ratio:                                     85.880%
- Miss ratio:                                    14.120%
------------ Coherence transitions for misses -------------
- GetS   I->S:                                   18693
- GetX   I->M:                                   16924
- GetX   S->M:                                   0
- GetSEx I->M:                                   0
- GetSEx S->M:                                   0
------------ Replacements and evictions -------------------
- PutS sent due to eviction:                     0
- PutE sent due to eviction:                     17654
- PutM sent due to eviction:                     16939
------------ Other stats ----------------------------------
- Inv stalled because LOCK held:                 0
- Requests received (incl coherence traffic):    287860
- Requests handled by MSHR (MSHR hits):          175041
- NACKs sent (MSHR Full, Down):                  0
- NACKs sent (MSHR Full, Up):                    0
------------ Latency stats --------------------------------
- Avg Miss Latency (cyc):                        98
- Latency GetS   I->S:                           77
- Latency GetX   I->M:                           121
------------ State and event stats ---------------------------
GetS, I:        18693
GetS, E:        135830
GetS, M:        19310
GetX, I:        16924
GetX, E:        79
GetX, M:        61407
GetSResp, IS:        18693
GetXResp, IM:        16924

Prospero Component Statistics:
------------------------------------------------------------------------
- Completed at:                          685608 ns
- Cycles with ops issued:                149038 cycles
- Cycles with no ops issued (LS full):   1222099 cycles
------------------------------------------------------------------------
- Reads issued:                          173833
- Writes issued:                         78410
- Split reads issued:                    58
- Split writes issued:                   14
- Bytes read:                            1269669
- Bytes written:                         1142526
------------------------------------------------------------------------
- Bandwidth (read):                      1.85189 GB/s
- Bandwidth (written):                   1.66644 GB/s
- Bandwidth (combined):                  3.51833 GB/s
- Avr. Read request size:                                7.30 bytes
- Avr. Write request size:                              14.57 bytes
- Avr. Request size:                                     9.56 bytes

Simulation is complete, simulated time: 685.608 us
