WARNING: Building component "McOpteron" with no links assigned.


Total cycles simulated: 99999
Total instructions generated: 67375
Predicted CPI : 1.48422
Measured  CPI : 1.32528
Fraction of measured CPI: 1.11993

IQ1 RegularInts: total instructions: 14972
IQ1 RegularInts: finished instructions: 14964
IQ1 RegularInts: average occupancy: 7.77437
IQ1 RegularInts: full stalls: 0
IQ1 RegularInts: assigned stalls: 0
IQ2 SpecialInts: total instructions: 14969
IQ2 SpecialInts: finished instructions: 14961
IQ2 SpecialInts: average occupancy: 7.77372
IQ2 SpecialInts: full stalls: 0
IQ2 SpecialInts: assigned stalls: 0
IQ3 MultiplyInts: total instructions: 3744
IQ3 MultiplyInts: finished instructions: 3742
IQ3 MultiplyInts: average occupancy: 1.94444
IQ3 MultiplyInts: full stalls: 0
IQ3 MultiplyInts: assigned stalls: 0
IQ4 FloatingPt: total instructions: 33686
IQ4 FloatingPt: finished instructions: 33668
IQ4 FloatingPt: average occupancy: 17.4921
IQ4 FloatingPt: full stalls: 0
IQ4 FloatingPt: assigned stalls: 0
FU4 Float Store: occupied-cycles: 0  duty cycle: 0
FU4 Float Multiplier: occupied-cycles: 0  duty cycle: 0
FU4 Float Adder: occupied-cycles: 56122  duty cycle: 0.561226
FU3 Regular AGU: occupied-cycles: 0  duty cycle: 0
FU3 Multiply ALU: occupied-cycles: 3744  duty cycle: 0.0374404
FU2 Regular AGU: occupied-cycles: 0  duty cycle: 0
FU2 Special ALU: occupied-cycles: 14966  duty cycle: 0.149661
FU1 Regular AGU: occupied-cycles: 0  duty cycle: 0
FU1 Regular ALU: occupied-cycles: 14969  duty cycle: 0.149691
CPU: stalls due to fetching: 88769
LSQ: stalls from full: 0
MM: loads: 0  from STB: 0  L1: 0  L2: 0  L3: 0  Mem: 0
MM: stores: 0 
MM: iloads from IC: 11230  L2: 0  L3: 0  Mem: 0
MM: DTLB1,2 misses 0 0   ITLB1,2 misses: 0 0
ROB: Total instructions retired: 67335
ROB: Total instructions anulled: 0
ROB: full RO buffer stalls: 55057
ROB: Total instructions retired: 0
ROB: Total instructions anulled: 0
ROB: full RO buffer stalls: 0
Simulation is complete, simulated time: 100 us
