TrivialCPU: Test Completed Successfuly

------------------------------------------------------------------------
--- Cache Stats
--- Name: l1cache
--- Overall Statistics
------------------------------------------------------------------------
- Total data requests:                           1000
     GetS:                                       907
     GetX:                                       93
     GetSEx:                                     0
- Total misses:                                  110
     GetS, miss on arrival:                      59
     GetS, miss after being blocked:             0
     GetX, miss on arrival:                      51
     GetX, miss after being blocked:             0
     GetSEx, miss on arrival:                    0
     GetSEx, miss after being blocked:           0
- Total hits:                                    890
     GetS, hit on arrival:                       848
     GetS, hit after being blocked:              0
     GetX, hit on arrival:                       42
     GetX, hit after being blocked:              0
     GetSEx, hit on arrival:                     0
     GetSEx, hit after being blocked:            0
- Hit ratio:                                     89.000%
- Miss ratio:                                    11.000%
------------ Coherence transitions for misses -------------
- GetS   I->S:                                   59
- GetX   I->M:                                   5
- GetX   S->M:                                   46
- GetSEx I->M:                                   0
- GetSEx S->M:                                   0
------------ Replacements and evictions -------------------
- PutS sent due to eviction:                     0
- PutE sent due to eviction:                     0
- PutM sent due to eviction:                     0
------------ Other stats ----------------------------------
- Inv stalled because LOCK held:                 0
- Requests received (incl coherence traffic):    1110
- Requests handled by MSHR (MSHR hits):          0
- NACKs sent (MSHR Full, Down):                  0
- NACKs sent (MSHR Full, Up):                    0
------------ Latency stats --------------------------------
- Avg Miss Latency (cyc):                        70
- Latency GetS   I->S:                           70
- Latency GetX   I->M:                           63
- Latency GetX   S->M:                           71
------------ State and event stats ---------------------------
GetS, I:        59
GetS, S:        403
GetS, M:        445
GetX, I:        5
GetX, S:        46
GetX, M:        42
GetSResp, IS:        59
GetXResp, IM:        5
GetXResp, SM:        46
TrivialCPU cpu Finished after 1000 issued reads, 1000 returned (102955 clocks)
Number of Pending Requests per Cycle (Binned by 2 Requests)
  [0, 2]  102572
  [2, 4]  383
Simulation is complete, simulated time: 102.955 us
