Counted: 8 threads.
CORE ID: 0 PROCESSED AN EXIT EVENT

Ariel Memory Management Statistics:
---------------------------------------------------------------------
Page Table Sizes:
- Map entries at level 0         43
Page Table Coverages:
- Bytes at level 0              176128
Simulation is complete, simulated time: 246.11 us
